Archive member included to satisfy reference by file (symbol)

/usr/local/Cellar/avr-gcc/6.2.0/lib/gcc/avr/6.2.0/avr5/libgcc.a(_divmodhi4.o)
                              Builds/lcd.o (__divmodhi4)
/usr/local/Cellar/avr-gcc/6.2.0/lib/gcc/avr/6.2.0/avr5/libgcc.a(_exit.o)
                              /usr/local/Cellar/avr-gcc/6.2.0/lib/gcc/avr/6.2.0/../../../../avr/lib/avr5/crtatmega328p.o (exit)
/usr/local/Cellar/avr-gcc/6.2.0/lib/gcc/avr/6.2.0/avr5/libgcc.a(_copy_data.o)
                              Builds/main.o (__do_copy_data)
/usr/local/Cellar/avr-gcc/6.2.0/lib/gcc/avr/6.2.0/avr5/libgcc.a(_clear_bss.o)
                              Builds/main.o (__do_clear_bss)
/usr/local/Cellar/avr-gcc/6.2.0/lib/gcc/avr/6.2.0/avr5/libgcc.a(_udivmodhi4.o)
                              /usr/local/Cellar/avr-gcc/6.2.0/lib/gcc/avr/6.2.0/avr5/libgcc.a(_divmodhi4.o) (__udivmodhi4)
/usr/local/Cellar/avr-gcc/6.2.0/lib/gcc/avr/6.2.0/../../../../avr/lib/avr5/libatmega328p.a(eerd_word.o)
                              Builds/main.o (eeprom_read_word)
/usr/local/Cellar/avr-gcc/6.2.0/lib/gcc/avr/6.2.0/../../../../avr/lib/avr5/libatmega328p.a(eewr_word.o)
                              Builds/main.o (eeprom_write_word)
/usr/local/Cellar/avr-gcc/6.2.0/lib/gcc/avr/6.2.0/../../../../avr/lib/avr5/libatmega328p.a(eerd_block.o)
                              /usr/local/Cellar/avr-gcc/6.2.0/lib/gcc/avr/6.2.0/../../../../avr/lib/avr5/libatmega328p.a(eerd_word.o) (eeprom_read_blraw)
/usr/local/Cellar/avr-gcc/6.2.0/lib/gcc/avr/6.2.0/../../../../avr/lib/avr5/libatmega328p.a(eewr_byte.o)
                              /usr/local/Cellar/avr-gcc/6.2.0/lib/gcc/avr/6.2.0/../../../../avr/lib/avr5/libatmega328p.a(eewr_word.o) (eeprom_write_byte)

Allocating common symbols
Common symbol       size              file

ram_tag1            0x5               Builds/main.o
tag1                0x5               Builds/main.o
ram_tag3            0x5               Builds/main.o
tag2                0x5               Builds/main.o
ram_tag2            0x5               Builds/main.o
ram_tag             0xa               Builds/main.o
ram_tag4            0x5               Builds/main.o

Memory Configuration

Name             Origin             Length             Attributes
text             0x0000000000000000 0x0000000000020000 xr
data             0x0000000000800060 0x000000000000ffa0 rw !x
eeprom           0x0000000000810000 0x0000000000010000 rw !x
fuse             0x0000000000820000 0x0000000000000400 rw !x
lock             0x0000000000830000 0x0000000000000400 rw !x
signature        0x0000000000840000 0x0000000000000400 rw !x
*default*        0x0000000000000000 0xffffffffffffffff

Linker script and memory map

Address of section .data set to 0x800100
LOAD /usr/local/Cellar/avr-gcc/6.2.0/lib/gcc/avr/6.2.0/../../../../avr/lib/avr5/crtatmega328p.o
LOAD Builds/lcd.o
LOAD Builds/main.o
LOAD Builds/mfrc522.o
LOAD Builds/spi.o
LOAD /usr/local/Cellar/avr-gcc/6.2.0/lib/gcc/avr/6.2.0/../../../../avr/lib/avr5/libm.a
START GROUP
LOAD /usr/local/Cellar/avr-gcc/6.2.0/lib/gcc/avr/6.2.0/avr5/libgcc.a
LOAD /usr/local/Cellar/avr-gcc/6.2.0/lib/gcc/avr/6.2.0/../../../../avr/lib/avr5/libm.a
LOAD /usr/local/Cellar/avr-gcc/6.2.0/lib/gcc/avr/6.2.0/../../../../avr/lib/avr5/libc.a
LOAD /usr/local/Cellar/avr-gcc/6.2.0/lib/gcc/avr/6.2.0/../../../../avr/lib/avr5/libatmega328p.a
END GROUP

.hash
 *(.hash)

.dynsym
 *(.dynsym)

.dynstr
 *(.dynstr)

.gnu.version
 *(.gnu.version)

.gnu.version_d
 *(.gnu.version_d)

.gnu.version_r
 *(.gnu.version_r)

.rel.init
 *(.rel.init)

.rela.init
 *(.rela.init)

.rel.text
 *(.rel.text)
 *(.rel.text.*)
 *(.rel.gnu.linkonce.t*)

.rela.text
 *(.rela.text)
 *(.rela.text.*)
 *(.rela.gnu.linkonce.t*)

.rel.fini
 *(.rel.fini)

.rela.fini
 *(.rela.fini)

.rel.rodata
 *(.rel.rodata)
 *(.rel.rodata.*)
 *(.rel.gnu.linkonce.r*)

.rela.rodata
 *(.rela.rodata)
 *(.rela.rodata.*)
 *(.rela.gnu.linkonce.r*)

.rel.data
 *(.rel.data)
 *(.rel.data.*)
 *(.rel.gnu.linkonce.d*)

.rela.data
 *(.rela.data)
 *(.rela.data.*)
 *(.rela.gnu.linkonce.d*)

.rel.ctors
 *(.rel.ctors)

.rela.ctors
 *(.rela.ctors)

.rel.dtors
 *(.rel.dtors)

.rela.dtors
 *(.rela.dtors)

.rel.got
 *(.rel.got)

.rela.got
 *(.rela.got)

.rel.bss
 *(.rel.bss)

.rela.bss
 *(.rela.bss)

.rel.plt
 *(.rel.plt)

.rela.plt
 *(.rela.plt)

.text           0x0000000000000000      0xfaa
 *(.vectors)
 .vectors       0x0000000000000000       0x68 /usr/local/Cellar/avr-gcc/6.2.0/lib/gcc/avr/6.2.0/../../../../avr/lib/avr5/crtatmega328p.o
                0x0000000000000000                __vectors
                0x0000000000000000                __vector_default
 *(.vectors)
 *(.progmem.gcc*)
                0x0000000000000068                . = ALIGN (0x2)
                0x0000000000000068                __trampolines_start = .
 *(.trampolines)
 .trampolines   0x0000000000000068        0x0 linker stubs
 *(.trampolines*)
                0x0000000000000068                __trampolines_end = .
 *(.progmem*)
                0x0000000000000068                . = ALIGN (0x2)
 *(.jumptables)
 *(.jumptables*)
 *(.lowtext)
 *(.lowtext*)
                0x0000000000000068                __ctors_start = .
 *(.ctors)
                0x0000000000000068                __ctors_end = .
                0x0000000000000068                __dtors_start = .
 *(.dtors)
                0x0000000000000068                __dtors_end = .
 SORT(*)(.ctors)
 SORT(*)(.dtors)
 *(.init0)
 .init0         0x0000000000000068        0x0 /usr/local/Cellar/avr-gcc/6.2.0/lib/gcc/avr/6.2.0/../../../../avr/lib/avr5/crtatmega328p.o
                0x0000000000000068                __init
 *(.init0)
 *(.init1)
 *(.init1)
 *(.init2)
 .init2         0x0000000000000068        0xc /usr/local/Cellar/avr-gcc/6.2.0/lib/gcc/avr/6.2.0/../../../../avr/lib/avr5/crtatmega328p.o
 *(.init2)
 *(.init3)
 *(.init3)
 *(.init4)
 .init4         0x0000000000000074       0x16 /usr/local/Cellar/avr-gcc/6.2.0/lib/gcc/avr/6.2.0/avr5/libgcc.a(_copy_data.o)
                0x0000000000000074                __do_copy_data
 .init4         0x000000000000008a       0x10 /usr/local/Cellar/avr-gcc/6.2.0/lib/gcc/avr/6.2.0/avr5/libgcc.a(_clear_bss.o)
                0x000000000000008a                __do_clear_bss
 *(.init4)
 *(.init5)
 *(.init5)
 *(.init6)
 *(.init6)
 *(.init7)
 *(.init7)
 *(.init8)
 *(.init8)
 *(.init9)
 .init9         0x000000000000009a        0x8 /usr/local/Cellar/avr-gcc/6.2.0/lib/gcc/avr/6.2.0/../../../../avr/lib/avr5/crtatmega328p.o
 *(.init9)
 *(.text)
 .text          0x00000000000000a2        0x4 /usr/local/Cellar/avr-gcc/6.2.0/lib/gcc/avr/6.2.0/../../../../avr/lib/avr5/crtatmega328p.o
                0x00000000000000a2                __vector_20
                0x00000000000000a2                __vector_1
                0x00000000000000a2                __vector_24
                0x00000000000000a2                __vector_12
                0x00000000000000a2                __bad_interrupt
                0x00000000000000a2                __vector_6
                0x00000000000000a2                __vector_3
                0x00000000000000a2                __vector_23
                0x00000000000000a2                __vector_25
                0x00000000000000a2                __vector_11
                0x00000000000000a2                __vector_13
                0x00000000000000a2                __vector_17
                0x00000000000000a2                __vector_19
                0x00000000000000a2                __vector_7
                0x00000000000000a2                __vector_5
                0x00000000000000a2                __vector_4
                0x00000000000000a2                __vector_9
                0x00000000000000a2                __vector_2
                0x00000000000000a2                __vector_21
                0x00000000000000a2                __vector_15
                0x00000000000000a2                __vector_8
                0x00000000000000a2                __vector_14
                0x00000000000000a2                __vector_10
                0x00000000000000a2                __vector_16
                0x00000000000000a2                __vector_18
                0x00000000000000a2                __vector_22
 .text          0x00000000000000a6      0x248 Builds/lcd.o
                0x00000000000000a6                LCDBusyLoop
                0x00000000000000f2                LCDByte
                0x0000000000000146                LCDInit
                0x00000000000001a8                LCDWriteString
                0x00000000000001f6                LCDWriteInt
                0x000000000000028e                LCDGotoXY
                0x00000000000002b2                LCDHexDumpXY
 .text          0x00000000000002ee      0x2a8 Builds/main.o
                0x00000000000002ee                initServo
                0x0000000000000314                initLED
                0x0000000000000376                addQ
                0x00000000000003a0                addTag
                0x000000000000043c                open
                0x0000000000000464                close
                0x000000000000048c                initButton
                0x000000000000049e                buttonRead
                0x0000000000000504                loadTags
                0x0000000000000566                validTag
 .text          0x0000000000000596      0x332 Builds/mfrc522.o
                0x0000000000000596                mfrc522_write
                0x00000000000005b0                mfrc522_read
                0x00000000000005c6                mfrc522_reset
                0x00000000000005ce                mfrc522_init
                0x000000000000061a                mfrc522_to_card
                0x00000000000007f2                mfrc522_request
                0x0000000000000858                mfrc522_get_card_serial
 .text          0x00000000000008c8       0x16 Builds/spi.o
                0x00000000000008c8                spi_init
                0x00000000000008d2                spi_transmit
 .text          0x00000000000008de        0x0 /usr/local/Cellar/avr-gcc/6.2.0/lib/gcc/avr/6.2.0/avr5/libgcc.a(_divmodhi4.o)
 .text          0x00000000000008de        0x0 /usr/local/Cellar/avr-gcc/6.2.0/lib/gcc/avr/6.2.0/avr5/libgcc.a(_exit.o)
 .text          0x00000000000008de        0x0 /usr/local/Cellar/avr-gcc/6.2.0/lib/gcc/avr/6.2.0/avr5/libgcc.a(_copy_data.o)
 .text          0x00000000000008de        0x0 /usr/local/Cellar/avr-gcc/6.2.0/lib/gcc/avr/6.2.0/avr5/libgcc.a(_clear_bss.o)
 .text          0x00000000000008de        0x0 /usr/local/Cellar/avr-gcc/6.2.0/lib/gcc/avr/6.2.0/avr5/libgcc.a(_udivmodhi4.o)
 .text          0x00000000000008de        0x0 /usr/local/Cellar/avr-gcc/6.2.0/lib/gcc/avr/6.2.0/../../../../avr/lib/avr5/libatmega328p.a(eerd_word.o)
 .text          0x00000000000008de        0x0 /usr/local/Cellar/avr-gcc/6.2.0/lib/gcc/avr/6.2.0/../../../../avr/lib/avr5/libatmega328p.a(eewr_word.o)
 .text          0x00000000000008de        0x0 /usr/local/Cellar/avr-gcc/6.2.0/lib/gcc/avr/6.2.0/../../../../avr/lib/avr5/libatmega328p.a(eerd_block.o)
 .text          0x00000000000008de        0x0 /usr/local/Cellar/avr-gcc/6.2.0/lib/gcc/avr/6.2.0/../../../../avr/lib/avr5/libatmega328p.a(eewr_byte.o)
                0x00000000000008de                . = ALIGN (0x2)
 *(.text.*)
 .text.startup  0x00000000000008de      0x626 Builds/main.o
                0x00000000000008de                main
 .text.libgcc.mul
                0x0000000000000f04        0x0 /usr/local/Cellar/avr-gcc/6.2.0/lib/gcc/avr/6.2.0/avr5/libgcc.a(_divmodhi4.o)
 .text.libgcc.div
                0x0000000000000f04       0x28 /usr/local/Cellar/avr-gcc/6.2.0/lib/gcc/avr/6.2.0/avr5/libgcc.a(_divmodhi4.o)
                0x0000000000000f04                __divmodhi4
                0x0000000000000f04                _div
 .text.libgcc   0x0000000000000f2c        0x0 /usr/local/Cellar/avr-gcc/6.2.0/lib/gcc/avr/6.2.0/avr5/libgcc.a(_divmodhi4.o)
 .text.libgcc.prologue
                0x0000000000000f2c        0x0 /usr/local/Cellar/avr-gcc/6.2.0/lib/gcc/avr/6.2.0/avr5/libgcc.a(_divmodhi4.o)
 .text.libgcc.builtins
                0x0000000000000f2c        0x0 /usr/local/Cellar/avr-gcc/6.2.0/lib/gcc/avr/6.2.0/avr5/libgcc.a(_divmodhi4.o)
 .text.libgcc.fmul
                0x0000000000000f2c        0x0 /usr/local/Cellar/avr-gcc/6.2.0/lib/gcc/avr/6.2.0/avr5/libgcc.a(_divmodhi4.o)
 .text.libgcc.fixed
                0x0000000000000f2c        0x0 /usr/local/Cellar/avr-gcc/6.2.0/lib/gcc/avr/6.2.0/avr5/libgcc.a(_divmodhi4.o)
 .text.libgcc.mul
                0x0000000000000f2c        0x0 /usr/local/Cellar/avr-gcc/6.2.0/lib/gcc/avr/6.2.0/avr5/libgcc.a(_exit.o)
 .text.libgcc.div
                0x0000000000000f2c        0x0 /usr/local/Cellar/avr-gcc/6.2.0/lib/gcc/avr/6.2.0/avr5/libgcc.a(_exit.o)
 .text.libgcc   0x0000000000000f2c        0x0 /usr/local/Cellar/avr-gcc/6.2.0/lib/gcc/avr/6.2.0/avr5/libgcc.a(_exit.o)
 .text.libgcc.prologue
                0x0000000000000f2c        0x0 /usr/local/Cellar/avr-gcc/6.2.0/lib/gcc/avr/6.2.0/avr5/libgcc.a(_exit.o)
 .text.libgcc.builtins
                0x0000000000000f2c        0x0 /usr/local/Cellar/avr-gcc/6.2.0/lib/gcc/avr/6.2.0/avr5/libgcc.a(_exit.o)
 .text.libgcc.fmul
                0x0000000000000f2c        0x0 /usr/local/Cellar/avr-gcc/6.2.0/lib/gcc/avr/6.2.0/avr5/libgcc.a(_exit.o)
 .text.libgcc.fixed
                0x0000000000000f2c        0x0 /usr/local/Cellar/avr-gcc/6.2.0/lib/gcc/avr/6.2.0/avr5/libgcc.a(_exit.o)
 .text.libgcc.mul
                0x0000000000000f2c        0x0 /usr/local/Cellar/avr-gcc/6.2.0/lib/gcc/avr/6.2.0/avr5/libgcc.a(_copy_data.o)
 .text.libgcc.div
                0x0000000000000f2c        0x0 /usr/local/Cellar/avr-gcc/6.2.0/lib/gcc/avr/6.2.0/avr5/libgcc.a(_copy_data.o)
 .text.libgcc   0x0000000000000f2c        0x0 /usr/local/Cellar/avr-gcc/6.2.0/lib/gcc/avr/6.2.0/avr5/libgcc.a(_copy_data.o)
 .text.libgcc.prologue
                0x0000000000000f2c        0x0 /usr/local/Cellar/avr-gcc/6.2.0/lib/gcc/avr/6.2.0/avr5/libgcc.a(_copy_data.o)
 .text.libgcc.builtins
                0x0000000000000f2c        0x0 /usr/local/Cellar/avr-gcc/6.2.0/lib/gcc/avr/6.2.0/avr5/libgcc.a(_copy_data.o)
 .text.libgcc.fmul
                0x0000000000000f2c        0x0 /usr/local/Cellar/avr-gcc/6.2.0/lib/gcc/avr/6.2.0/avr5/libgcc.a(_copy_data.o)
 .text.libgcc.fixed
                0x0000000000000f2c        0x0 /usr/local/Cellar/avr-gcc/6.2.0/lib/gcc/avr/6.2.0/avr5/libgcc.a(_copy_data.o)
 .text.libgcc.mul
                0x0000000000000f2c        0x0 /usr/local/Cellar/avr-gcc/6.2.0/lib/gcc/avr/6.2.0/avr5/libgcc.a(_clear_bss.o)
 .text.libgcc.div
                0x0000000000000f2c        0x0 /usr/local/Cellar/avr-gcc/6.2.0/lib/gcc/avr/6.2.0/avr5/libgcc.a(_clear_bss.o)
 .text.libgcc   0x0000000000000f2c        0x0 /usr/local/Cellar/avr-gcc/6.2.0/lib/gcc/avr/6.2.0/avr5/libgcc.a(_clear_bss.o)
 .text.libgcc.prologue
                0x0000000000000f2c        0x0 /usr/local/Cellar/avr-gcc/6.2.0/lib/gcc/avr/6.2.0/avr5/libgcc.a(_clear_bss.o)
 .text.libgcc.builtins
                0x0000000000000f2c        0x0 /usr/local/Cellar/avr-gcc/6.2.0/lib/gcc/avr/6.2.0/avr5/libgcc.a(_clear_bss.o)
 .text.libgcc.fmul
                0x0000000000000f2c        0x0 /usr/local/Cellar/avr-gcc/6.2.0/lib/gcc/avr/6.2.0/avr5/libgcc.a(_clear_bss.o)
 .text.libgcc.fixed
                0x0000000000000f2c        0x0 /usr/local/Cellar/avr-gcc/6.2.0/lib/gcc/avr/6.2.0/avr5/libgcc.a(_clear_bss.o)
 .text.libgcc.mul
                0x0000000000000f2c        0x0 /usr/local/Cellar/avr-gcc/6.2.0/lib/gcc/avr/6.2.0/avr5/libgcc.a(_udivmodhi4.o)
 .text.libgcc.div
                0x0000000000000f2c       0x28 /usr/local/Cellar/avr-gcc/6.2.0/lib/gcc/avr/6.2.0/avr5/libgcc.a(_udivmodhi4.o)
                0x0000000000000f2c                __udivmodhi4
 .text.libgcc   0x0000000000000f54        0x0 /usr/local/Cellar/avr-gcc/6.2.0/lib/gcc/avr/6.2.0/avr5/libgcc.a(_udivmodhi4.o)
 .text.libgcc.prologue
                0x0000000000000f54        0x0 /usr/local/Cellar/avr-gcc/6.2.0/lib/gcc/avr/6.2.0/avr5/libgcc.a(_udivmodhi4.o)
 .text.libgcc.builtins
                0x0000000000000f54        0x0 /usr/local/Cellar/avr-gcc/6.2.0/lib/gcc/avr/6.2.0/avr5/libgcc.a(_udivmodhi4.o)
 .text.libgcc.fmul
                0x0000000000000f54        0x0 /usr/local/Cellar/avr-gcc/6.2.0/lib/gcc/avr/6.2.0/avr5/libgcc.a(_udivmodhi4.o)
 .text.libgcc.fixed
                0x0000000000000f54        0x0 /usr/local/Cellar/avr-gcc/6.2.0/lib/gcc/avr/6.2.0/avr5/libgcc.a(_udivmodhi4.o)
 .text.avr-libc
                0x0000000000000f54        0xc /usr/local/Cellar/avr-gcc/6.2.0/lib/gcc/avr/6.2.0/../../../../avr/lib/avr5/libatmega328p.a(eerd_word.o)
                0x0000000000000f54                eeprom_read_word
 .text.avr-libc
                0x0000000000000f60        0xa /usr/local/Cellar/avr-gcc/6.2.0/lib/gcc/avr/6.2.0/../../../../avr/lib/avr5/libatmega328p.a(eewr_word.o)
                0x0000000000000f60                eeprom_write_word
 .text.avr-libc
                0x0000000000000f6a       0x20 /usr/local/Cellar/avr-gcc/6.2.0/lib/gcc/avr/6.2.0/../../../../avr/lib/avr5/libatmega328p.a(eerd_block.o)
                0x0000000000000f6a                eeprom_read_block
                0x0000000000000f6e                eeprom_read_blraw
 .text.avr-libc
                0x0000000000000f8a       0x1c /usr/local/Cellar/avr-gcc/6.2.0/lib/gcc/avr/6.2.0/../../../../avr/lib/avr5/libatmega328p.a(eewr_byte.o)
                0x0000000000000f8a                eeprom_write_byte
                0x0000000000000f8c                eeprom_write_r18
                0x0000000000000fa6                . = ALIGN (0x2)
 *(.fini9)
 .fini9         0x0000000000000fa6        0x0 /usr/local/Cellar/avr-gcc/6.2.0/lib/gcc/avr/6.2.0/avr5/libgcc.a(_exit.o)
                0x0000000000000fa6                exit
                0x0000000000000fa6                _exit
 *(.fini9)
 *(.fini8)
 *(.fini8)
 *(.fini7)
 *(.fini7)
 *(.fini6)
 *(.fini6)
 *(.fini5)
 *(.fini5)
 *(.fini4)
 *(.fini4)
 *(.fini3)
 *(.fini3)
 *(.fini2)
 *(.fini2)
 *(.fini1)
 *(.fini1)
 *(.fini0)
 .fini0         0x0000000000000fa6        0x4 /usr/local/Cellar/avr-gcc/6.2.0/lib/gcc/avr/6.2.0/avr5/libgcc.a(_exit.o)
 *(.fini0)
                0x0000000000000faa                _etext = .

.data           0x0000000000800100       0xf0 load address 0x0000000000000faa
                0x0000000000800100                PROVIDE (__data_start, .)
 *(.data)
 .data          0x0000000000800100        0x0 /usr/local/Cellar/avr-gcc/6.2.0/lib/gcc/avr/6.2.0/../../../../avr/lib/avr5/crtatmega328p.o
 .data          0x0000000000800100        0x0 Builds/lcd.o
 .data          0x0000000000800100       0x1a Builds/main.o
                0x0000000000800100                maxNumberTags
                0x0000000000800102                tagNumber
                0x0000000000800104                validCard
                0x0000000000800106                DELETE
                0x000000000080010b                ADD
                0x0000000000800110                card2
                0x0000000000800115                card1
 .data          0x000000000080011a        0x0 Builds/mfrc522.o
 .data          0x000000000080011a        0x0 Builds/spi.o
 .data          0x000000000080011a        0x0 /usr/local/Cellar/avr-gcc/6.2.0/lib/gcc/avr/6.2.0/avr5/libgcc.a(_divmodhi4.o)
 .data          0x000000000080011a        0x0 /usr/local/Cellar/avr-gcc/6.2.0/lib/gcc/avr/6.2.0/avr5/libgcc.a(_exit.o)
 .data          0x000000000080011a        0x0 /usr/local/Cellar/avr-gcc/6.2.0/lib/gcc/avr/6.2.0/avr5/libgcc.a(_copy_data.o)
 .data          0x000000000080011a        0x0 /usr/local/Cellar/avr-gcc/6.2.0/lib/gcc/avr/6.2.0/avr5/libgcc.a(_clear_bss.o)
 .data          0x000000000080011a        0x0 /usr/local/Cellar/avr-gcc/6.2.0/lib/gcc/avr/6.2.0/avr5/libgcc.a(_udivmodhi4.o)
 .data          0x000000000080011a        0x0 /usr/local/Cellar/avr-gcc/6.2.0/lib/gcc/avr/6.2.0/../../../../avr/lib/avr5/libatmega328p.a(eerd_word.o)
 .data          0x000000000080011a        0x0 /usr/local/Cellar/avr-gcc/6.2.0/lib/gcc/avr/6.2.0/../../../../avr/lib/avr5/libatmega328p.a(eewr_word.o)
 .data          0x000000000080011a        0x0 /usr/local/Cellar/avr-gcc/6.2.0/lib/gcc/avr/6.2.0/../../../../avr/lib/avr5/libatmega328p.a(eerd_block.o)
 .data          0x000000000080011a        0x0 /usr/local/Cellar/avr-gcc/6.2.0/lib/gcc/avr/6.2.0/../../../../avr/lib/avr5/libatmega328p.a(eewr_byte.o)
 *(.data*)
 *(.rodata)
 *(.rodata*)
 .rodata.str1.1
                0x000000000080011a       0xd6 Builds/main.o
 *(.gnu.linkonce.d*)
                0x00000000008001f0                . = ALIGN (0x2)
                0x00000000008001f0                _edata = .
                0x00000000008001f0                PROVIDE (__data_end, .)

.bss            0x00000000008001f0       0x2e
                0x00000000008001f0                PROVIDE (__bss_start, .)
 *(.bss)
 .bss           0x00000000008001f0        0x0 /usr/local/Cellar/avr-gcc/6.2.0/lib/gcc/avr/6.2.0/../../../../avr/lib/avr5/crtatmega328p.o
 .bss           0x00000000008001f0        0x0 Builds/lcd.o
 .bss           0x00000000008001f0        0x6 Builds/main.o
                0x00000000008001f0                removeTag2
                0x00000000008001f2                removeTag1
                0x00000000008001f4                deleteNext
 .bss           0x00000000008001f6        0x0 Builds/mfrc522.o
 .bss           0x00000000008001f6        0x0 Builds/spi.o
 .bss           0x00000000008001f6        0x0 /usr/local/Cellar/avr-gcc/6.2.0/lib/gcc/avr/6.2.0/avr5/libgcc.a(_divmodhi4.o)
 .bss           0x00000000008001f6        0x0 /usr/local/Cellar/avr-gcc/6.2.0/lib/gcc/avr/6.2.0/avr5/libgcc.a(_exit.o)
 .bss           0x00000000008001f6        0x0 /usr/local/Cellar/avr-gcc/6.2.0/lib/gcc/avr/6.2.0/avr5/libgcc.a(_copy_data.o)
 .bss           0x00000000008001f6        0x0 /usr/local/Cellar/avr-gcc/6.2.0/lib/gcc/avr/6.2.0/avr5/libgcc.a(_clear_bss.o)
 .bss           0x00000000008001f6        0x0 /usr/local/Cellar/avr-gcc/6.2.0/lib/gcc/avr/6.2.0/avr5/libgcc.a(_udivmodhi4.o)
 .bss           0x00000000008001f6        0x0 /usr/local/Cellar/avr-gcc/6.2.0/lib/gcc/avr/6.2.0/../../../../avr/lib/avr5/libatmega328p.a(eerd_word.o)
 .bss           0x00000000008001f6        0x0 /usr/local/Cellar/avr-gcc/6.2.0/lib/gcc/avr/6.2.0/../../../../avr/lib/avr5/libatmega328p.a(eewr_word.o)
 .bss           0x00000000008001f6        0x0 /usr/local/Cellar/avr-gcc/6.2.0/lib/gcc/avr/6.2.0/../../../../avr/lib/avr5/libatmega328p.a(eerd_block.o)
 .bss           0x00000000008001f6        0x0 /usr/local/Cellar/avr-gcc/6.2.0/lib/gcc/avr/6.2.0/../../../../avr/lib/avr5/libatmega328p.a(eewr_byte.o)
 *(.bss*)
 *(COMMON)
 COMMON         0x00000000008001f6       0x28 Builds/main.o
                0x00000000008001f6                ram_tag1
                0x00000000008001fb                tag1
                0x0000000000800200                ram_tag3
                0x0000000000800205                tag2
                0x000000000080020a                ram_tag2
                0x000000000080020f                ram_tag
                0x0000000000800219                ram_tag4
                0x000000000080021e                PROVIDE (__bss_end, .)
                0x0000000000000faa                __data_load_start = LOADADDR (.data)
                0x000000000000109a                __data_load_end = (__data_load_start + SIZEOF (.data))

.noinit         0x000000000080021e        0x0
                0x000000000080021e                PROVIDE (__noinit_start, .)
 *(.noinit*)
                0x000000000080021e                PROVIDE (__noinit_end, .)
                0x000000000080021e                _end = .
                0x000000000080021e                PROVIDE (__heap_start, .)

.eeprom         0x0000000000810000        0xc
 *(.eeprom*)
 .eeprom        0x0000000000810000        0xc Builds/main.o
                0x0000000000810000                tag
                0x000000000081000a                newCard
                0x000000000081000c                __eeprom_end = .

.fuse
 *(.fuse)
 *(.lfuse)
 *(.hfuse)
 *(.efuse)

.lock
 *(.lock*)

.signature
 *(.signature*)

.stab           0x0000000000000000     0x2f7c
 *(.stab)
 .stab          0x0000000000000000      0xc48 Builds/lcd.o
 .stab          0x0000000000000c48     0x1248 Builds/main.o
                                       0x1410 (size before relaxing)
 .stab          0x0000000000001e90      0x90c Builds/mfrc522.o
                                        0xad4 (size before relaxing)
 .stab          0x000000000000279c      0x354 Builds/spi.o
                                        0x534 (size before relaxing)
 .stab          0x0000000000002af0      0x138 /usr/local/Cellar/avr-gcc/6.2.0/lib/gcc/avr/6.2.0/avr5/libgcc.a(_divmodhi4.o)
                                        0x144 (size before relaxing)
 .stab          0x0000000000002c28       0x6c /usr/local/Cellar/avr-gcc/6.2.0/lib/gcc/avr/6.2.0/avr5/libgcc.a(_exit.o)
                                         0x78 (size before relaxing)
 .stab          0x0000000000002c94       0xd8 /usr/local/Cellar/avr-gcc/6.2.0/lib/gcc/avr/6.2.0/avr5/libgcc.a(_copy_data.o)
                                         0xe4 (size before relaxing)
 .stab          0x0000000000002d6c       0xb4 /usr/local/Cellar/avr-gcc/6.2.0/lib/gcc/avr/6.2.0/avr5/libgcc.a(_clear_bss.o)
                                         0xc0 (size before relaxing)
 .stab          0x0000000000002e20      0x15c /usr/local/Cellar/avr-gcc/6.2.0/lib/gcc/avr/6.2.0/avr5/libgcc.a(_udivmodhi4.o)
                                        0x168 (size before relaxing)

.stabstr        0x0000000000000000     0x14f7
 *(.stabstr)
 .stabstr       0x0000000000000000     0x14f7 Builds/lcd.o

.stab.excl
 *(.stab.excl)

.stab.exclstr
 *(.stab.exclstr)

.stab.index
 *(.stab.index)

.stab.indexstr
 *(.stab.indexstr)

.comment        0x0000000000000000       0x11
 *(.comment)
 .comment       0x0000000000000000       0x11 Builds/lcd.o
                                         0x12 (size before relaxing)
 .comment       0x0000000000000011       0x12 Builds/main.o
 .comment       0x0000000000000011       0x12 Builds/mfrc522.o
 .comment       0x0000000000000011       0x12 Builds/spi.o

.note.gnu.avr.deviceinfo
                0x0000000000000000       0x40
 .note.gnu.avr.deviceinfo
                0x0000000000000000       0x40 /usr/local/Cellar/avr-gcc/6.2.0/lib/gcc/avr/6.2.0/../../../../avr/lib/avr5/crtatmega328p.o

.note.gnu.build-id
 *(.note.gnu.build-id)

.debug
 *(.debug)

.line
 *(.line)

.debug_srcinfo
 *(.debug_srcinfo)

.debug_sfnames
 *(.debug_sfnames)

.debug_aranges
 *(.debug_aranges)

.debug_pubnames
 *(.debug_pubnames)

.debug_info     0x0000000000000000      0x5f4
 *(.debug_info .gnu.linkonce.wi.*)
 .debug_info    0x0000000000000000      0x5f4 /usr/local/Cellar/avr-gcc/6.2.0/lib/gcc/avr/6.2.0/../../../../avr/lib/avr5/crtatmega328p.o

.debug_abbrev   0x0000000000000000      0x5a2
 *(.debug_abbrev)
 .debug_abbrev  0x0000000000000000      0x5a2 /usr/local/Cellar/avr-gcc/6.2.0/lib/gcc/avr/6.2.0/../../../../avr/lib/avr5/crtatmega328p.o

.debug_line     0x0000000000000000       0x1d
 *(.debug_line .debug_line.* .debug_line_end)
 .debug_line    0x0000000000000000       0x1d /usr/local/Cellar/avr-gcc/6.2.0/lib/gcc/avr/6.2.0/../../../../avr/lib/avr5/crtatmega328p.o

.debug_frame
 *(.debug_frame)

.debug_str      0x0000000000000000      0x208
 *(.debug_str)
 .debug_str     0x0000000000000000      0x208 /usr/local/Cellar/avr-gcc/6.2.0/lib/gcc/avr/6.2.0/../../../../avr/lib/avr5/crtatmega328p.o

.debug_loc
 *(.debug_loc)

.debug_macinfo
 *(.debug_macinfo)

.debug_weaknames
 *(.debug_weaknames)

.debug_funcnames
 *(.debug_funcnames)

.debug_typenames
 *(.debug_typenames)

.debug_varnames
 *(.debug_varnames)

.debug_pubtypes
 *(.debug_pubtypes)

.debug_ranges
 *(.debug_ranges)

.debug_macro
 *(.debug_macro)
OUTPUT(Builds/main.elf elf32-avr)
LOAD linker stubs

Cross Reference Table

Symbol                                            File
ADD                                               Builds/main.o
DELETE                                            Builds/main.o
LCDBusyLoop                                       Builds/lcd.o
LCDByte                                           Builds/lcd.o
                                                  Builds/main.o
LCDGotoXY                                         Builds/lcd.o
                                                  Builds/main.o
LCDHexDumpXY                                      Builds/lcd.o
                                                  Builds/main.o
LCDInit                                           Builds/lcd.o
                                                  Builds/main.o
LCDWriteInt                                       Builds/lcd.o
                                                  Builds/main.o
LCDWriteString                                    Builds/lcd.o
                                                  Builds/main.o
__bad_interrupt                                   /usr/local/Cellar/avr-gcc/6.2.0/lib/gcc/avr/6.2.0/../../../../avr/lib/avr5/crtatmega328p.o
__bss_end                                         /usr/local/Cellar/avr-gcc/6.2.0/lib/gcc/avr/6.2.0/avr5/libgcc.a(_clear_bss.o)
__bss_start                                       /usr/local/Cellar/avr-gcc/6.2.0/lib/gcc/avr/6.2.0/avr5/libgcc.a(_clear_bss.o)
__data_end                                        /usr/local/Cellar/avr-gcc/6.2.0/lib/gcc/avr/6.2.0/avr5/libgcc.a(_copy_data.o)
__data_load_start                                 /usr/local/Cellar/avr-gcc/6.2.0/lib/gcc/avr/6.2.0/avr5/libgcc.a(_copy_data.o)
__data_start                                      /usr/local/Cellar/avr-gcc/6.2.0/lib/gcc/avr/6.2.0/avr5/libgcc.a(_copy_data.o)
__divmodhi4                                       /usr/local/Cellar/avr-gcc/6.2.0/lib/gcc/avr/6.2.0/avr5/libgcc.a(_divmodhi4.o)
                                                  Builds/lcd.o
__do_clear_bss                                    /usr/local/Cellar/avr-gcc/6.2.0/lib/gcc/avr/6.2.0/avr5/libgcc.a(_clear_bss.o)
                                                  Builds/main.o
__do_copy_data                                    /usr/local/Cellar/avr-gcc/6.2.0/lib/gcc/avr/6.2.0/avr5/libgcc.a(_copy_data.o)
                                                  Builds/main.o
__heap_end                                        /usr/local/Cellar/avr-gcc/6.2.0/lib/gcc/avr/6.2.0/../../../../avr/lib/avr5/crtatmega328p.o
__init                                            /usr/local/Cellar/avr-gcc/6.2.0/lib/gcc/avr/6.2.0/../../../../avr/lib/avr5/crtatmega328p.o
__stack                                           /usr/local/Cellar/avr-gcc/6.2.0/lib/gcc/avr/6.2.0/../../../../avr/lib/avr5/crtatmega328p.o
__udivmodhi4                                      /usr/local/Cellar/avr-gcc/6.2.0/lib/gcc/avr/6.2.0/avr5/libgcc.a(_udivmodhi4.o)
                                                  /usr/local/Cellar/avr-gcc/6.2.0/lib/gcc/avr/6.2.0/avr5/libgcc.a(_divmodhi4.o)
__vector_1                                        /usr/local/Cellar/avr-gcc/6.2.0/lib/gcc/avr/6.2.0/../../../../avr/lib/avr5/crtatmega328p.o
__vector_10                                       /usr/local/Cellar/avr-gcc/6.2.0/lib/gcc/avr/6.2.0/../../../../avr/lib/avr5/crtatmega328p.o
__vector_11                                       /usr/local/Cellar/avr-gcc/6.2.0/lib/gcc/avr/6.2.0/../../../../avr/lib/avr5/crtatmega328p.o
__vector_12                                       /usr/local/Cellar/avr-gcc/6.2.0/lib/gcc/avr/6.2.0/../../../../avr/lib/avr5/crtatmega328p.o
__vector_13                                       /usr/local/Cellar/avr-gcc/6.2.0/lib/gcc/avr/6.2.0/../../../../avr/lib/avr5/crtatmega328p.o
__vector_14                                       /usr/local/Cellar/avr-gcc/6.2.0/lib/gcc/avr/6.2.0/../../../../avr/lib/avr5/crtatmega328p.o
__vector_15                                       /usr/local/Cellar/avr-gcc/6.2.0/lib/gcc/avr/6.2.0/../../../../avr/lib/avr5/crtatmega328p.o
__vector_16                                       /usr/local/Cellar/avr-gcc/6.2.0/lib/gcc/avr/6.2.0/../../../../avr/lib/avr5/crtatmega328p.o
__vector_17                                       /usr/local/Cellar/avr-gcc/6.2.0/lib/gcc/avr/6.2.0/../../../../avr/lib/avr5/crtatmega328p.o
__vector_18                                       /usr/local/Cellar/avr-gcc/6.2.0/lib/gcc/avr/6.2.0/../../../../avr/lib/avr5/crtatmega328p.o
__vector_19                                       /usr/local/Cellar/avr-gcc/6.2.0/lib/gcc/avr/6.2.0/../../../../avr/lib/avr5/crtatmega328p.o
__vector_2                                        /usr/local/Cellar/avr-gcc/6.2.0/lib/gcc/avr/6.2.0/../../../../avr/lib/avr5/crtatmega328p.o
__vector_20                                       /usr/local/Cellar/avr-gcc/6.2.0/lib/gcc/avr/6.2.0/../../../../avr/lib/avr5/crtatmega328p.o
__vector_21                                       /usr/local/Cellar/avr-gcc/6.2.0/lib/gcc/avr/6.2.0/../../../../avr/lib/avr5/crtatmega328p.o
__vector_22                                       /usr/local/Cellar/avr-gcc/6.2.0/lib/gcc/avr/6.2.0/../../../../avr/lib/avr5/crtatmega328p.o
__vector_23                                       /usr/local/Cellar/avr-gcc/6.2.0/lib/gcc/avr/6.2.0/../../../../avr/lib/avr5/crtatmega328p.o
__vector_24                                       /usr/local/Cellar/avr-gcc/6.2.0/lib/gcc/avr/6.2.0/../../../../avr/lib/avr5/crtatmega328p.o
__vector_25                                       /usr/local/Cellar/avr-gcc/6.2.0/lib/gcc/avr/6.2.0/../../../../avr/lib/avr5/crtatmega328p.o
__vector_3                                        /usr/local/Cellar/avr-gcc/6.2.0/lib/gcc/avr/6.2.0/../../../../avr/lib/avr5/crtatmega328p.o
__vector_4                                        /usr/local/Cellar/avr-gcc/6.2.0/lib/gcc/avr/6.2.0/../../../../avr/lib/avr5/crtatmega328p.o
__vector_5                                        /usr/local/Cellar/avr-gcc/6.2.0/lib/gcc/avr/6.2.0/../../../../avr/lib/avr5/crtatmega328p.o
__vector_6                                        /usr/local/Cellar/avr-gcc/6.2.0/lib/gcc/avr/6.2.0/../../../../avr/lib/avr5/crtatmega328p.o
__vector_7                                        /usr/local/Cellar/avr-gcc/6.2.0/lib/gcc/avr/6.2.0/../../../../avr/lib/avr5/crtatmega328p.o
__vector_8                                        /usr/local/Cellar/avr-gcc/6.2.0/lib/gcc/avr/6.2.0/../../../../avr/lib/avr5/crtatmega328p.o
__vector_9                                        /usr/local/Cellar/avr-gcc/6.2.0/lib/gcc/avr/6.2.0/../../../../avr/lib/avr5/crtatmega328p.o
__vector_default                                  /usr/local/Cellar/avr-gcc/6.2.0/lib/gcc/avr/6.2.0/../../../../avr/lib/avr5/crtatmega328p.o
__vectors                                         /usr/local/Cellar/avr-gcc/6.2.0/lib/gcc/avr/6.2.0/../../../../avr/lib/avr5/crtatmega328p.o
_div                                              /usr/local/Cellar/avr-gcc/6.2.0/lib/gcc/avr/6.2.0/avr5/libgcc.a(_divmodhi4.o)
_exit                                             /usr/local/Cellar/avr-gcc/6.2.0/lib/gcc/avr/6.2.0/avr5/libgcc.a(_exit.o)
addQ                                              Builds/main.o
addTag                                            Builds/main.o
buttonRead                                        Builds/main.o
card1                                             Builds/main.o
card2                                             Builds/main.o
close                                             Builds/main.o
deleteNext                                        Builds/main.o
eeprom_read_block                                 /usr/local/Cellar/avr-gcc/6.2.0/lib/gcc/avr/6.2.0/../../../../avr/lib/avr5/libatmega328p.a(eerd_block.o)
eeprom_read_blraw                                 /usr/local/Cellar/avr-gcc/6.2.0/lib/gcc/avr/6.2.0/../../../../avr/lib/avr5/libatmega328p.a(eerd_block.o)
                                                  /usr/local/Cellar/avr-gcc/6.2.0/lib/gcc/avr/6.2.0/../../../../avr/lib/avr5/libatmega328p.a(eerd_word.o)
eeprom_read_word                                  /usr/local/Cellar/avr-gcc/6.2.0/lib/gcc/avr/6.2.0/../../../../avr/lib/avr5/libatmega328p.a(eerd_word.o)
                                                  Builds/main.o
eeprom_write_byte                                 /usr/local/Cellar/avr-gcc/6.2.0/lib/gcc/avr/6.2.0/../../../../avr/lib/avr5/libatmega328p.a(eewr_byte.o)
                                                  /usr/local/Cellar/avr-gcc/6.2.0/lib/gcc/avr/6.2.0/../../../../avr/lib/avr5/libatmega328p.a(eewr_word.o)
eeprom_write_r18                                  /usr/local/Cellar/avr-gcc/6.2.0/lib/gcc/avr/6.2.0/../../../../avr/lib/avr5/libatmega328p.a(eewr_byte.o)
                                                  /usr/local/Cellar/avr-gcc/6.2.0/lib/gcc/avr/6.2.0/../../../../avr/lib/avr5/libatmega328p.a(eewr_word.o)
eeprom_write_word                                 /usr/local/Cellar/avr-gcc/6.2.0/lib/gcc/avr/6.2.0/../../../../avr/lib/avr5/libatmega328p.a(eewr_word.o)
                                                  Builds/main.o
exit                                              /usr/local/Cellar/avr-gcc/6.2.0/lib/gcc/avr/6.2.0/avr5/libgcc.a(_exit.o)
                                                  /usr/local/Cellar/avr-gcc/6.2.0/lib/gcc/avr/6.2.0/../../../../avr/lib/avr5/crtatmega328p.o
initButton                                        Builds/main.o
initLED                                           Builds/main.o
initServo                                         Builds/main.o
loadTags                                          Builds/main.o
main                                              Builds/main.o
                                                  /usr/local/Cellar/avr-gcc/6.2.0/lib/gcc/avr/6.2.0/../../../../avr/lib/avr5/crtatmega328p.o
maxNumberTags                                     Builds/main.o
mfrc522_get_card_serial                           Builds/mfrc522.o
                                                  Builds/main.o
mfrc522_init                                      Builds/mfrc522.o
                                                  Builds/main.o
mfrc522_read                                      Builds/mfrc522.o
mfrc522_request                                   Builds/mfrc522.o
                                                  Builds/main.o
mfrc522_reset                                     Builds/mfrc522.o
mfrc522_to_card                                   Builds/mfrc522.o
mfrc522_write                                     Builds/mfrc522.o
newCard                                           Builds/main.o
open                                              Builds/main.o
ram_tag                                           Builds/main.o
ram_tag1                                          Builds/main.o
ram_tag2                                          Builds/main.o
ram_tag3                                          Builds/main.o
ram_tag4                                          Builds/main.o
removeTag1                                        Builds/main.o
removeTag2                                        Builds/main.o
spi_init                                          Builds/spi.o
                                                  Builds/main.o
spi_transmit                                      Builds/spi.o
                                                  Builds/mfrc522.o
tag                                               Builds/main.o
tag1                                              Builds/main.o
tag2                                              Builds/main.o
tagNumber                                         Builds/main.o
validCard                                         Builds/main.o
validTag                                          Builds/main.o
